start: s
accept: ac
reject: rj
blank: _
s 0 -> n a >
s 1 -> n b >
n 0 -> n 0 >
n 1 -> n 1 >
n _ -> n1 _ <
n c -> n1 c <
n d -> n1 d <
n1 0 -> n2 c <
n1 1 -> n2 d <
n2 0 -> n2 0 <
n2 1 -> n2 1 <
n2 a -> s a >
n2 b -> s b >
s c -> n3 # <
n3 # -> n3 # <
n3 a -> n3 a <
n3 b -> n3 b <
n3 _ -> check1 _ >
check1 b -> rj _ ^
check1 a -> n4 _ >
n4 b -> n4 b >
n4 a -> n4 a >
s d -> n5 # <
n5 # -> n5 # <
n5 a -> n5 a <
n5 b -> n5 b <
n5 _ -> check2 _ >
check2 a -> rj _ ^
check2 b -> n6 _ >
n6 a -> n6 a >
n6 b -> n6 b >
n6 c -> kek c >
n6 d -> kek d >
n4 # -> n4 # >
n6 # -> n6 # >
n4 d -> kek d >
n4 c -> kek c >
kek c -> s c <
kek d -> s d <
kek _ -> s _ <
n4 _ -> ac _ ^
n6 _ -> ac _ ^