start: s
accept: ac
reject: rj
blank: _
s 0 -> n 0 ^
s 1 -> n 1 ^
n 0 -> n 0 <
n 1 -> n 1 <
n < -> n < <
n _ -> n1 _ >
n a -> n1 a >
n b -> n1 b >
n2 0 -> n2 0 >
n2 1 -> n2 1 >
n2 a -> n4 a <
n2 b -> n4 b <
n2 _ -> n4 _ <
n2 < -> n2 < >
n1 < -> n3 < >
n1 0 -> n2 a >
n1 1 -> n2 b >
n4 < -> rj _ ^
n4 0 -> n a <
n4 1 -> n b <
n3 0 -> n3 0 >
n3 a -> n5 a <
n3 b -> n5 b <
n3 1 -> n3 1 >
n5 < -> n6 < >
n6 _ -> n7 _ <
n6 a -> n6 a >
n6 b -> n6 b >
n5 0 -> ac _ ^
n5 1 -> ac _ ^
n11 _ -> n9 _ >
n9 < -> rj _ ^
n9 # -> n9 # >
n10 0 -> n10 0 >
n10 1 -> n10 1 >
n7 _ -> n9 _ >
n7 < -> n7 < <
n7 a -> n7 0 <
n7 b -> n7 1 <
n9 0 -> n10 # >
n9 1 -> m # >
m 0 -> m 0 >
m 1 -> m 1 >
m < -> n12 < >
n10 < -> n8 < >
n8 0 -> n11 # <
n8 1 -> ac _ ^
n8 # -> n8 # >
n11 0 -> n11 0 <
n11 1 -> n11 1 <
n11 < -> n11 < <
n11 # -> n11 # <
n12 0 -> rj _ ^
n12 1 -> n11 # <
n12 # -> n12 # >