start: s
accept: ac
reject: rj
blank: _
s 0 -> s 0 >
s 1 -> s 1 >
s _ -> n _ <
n 0 -> n1 # >
n 1 -> n3 # >
n # -> n # <
n1 0 -> n1 0 >
n1 1 -> n1 1 >
n1 # -> n1 # >
n1 _ -> n2 0 <
n2 0 -> n2 0 <
n2 1 -> n2 1 <
n2 # -> n # <
n3 0 -> n3 0 >
n3 1 -> n3 1 >
n3 _ -> n2 1 <
n3 # -> n3 # >
n _ -> n4 _ >
n4 # -> n4 # >
n4 0 -> n5 z <
n4 1 -> n7 o <
n5 0 -> n5 0 <
n5 1 -> n5 1 <
n5 # -> n6 0 >
n6 0 -> n6 0 >
n6 1 -> n6 1 >
n6 z -> n4 0 >
n7 0 -> n7 0 <
n7 1 -> n7 1 <
n7 # -> n8 1 >
n8 0 -> n8 0 >
n8 1 -> n8 1 >
n8 o -> n4 1 >
n4 _ -> n9 _ <
n9 0 -> n9 0 <
n9 1 -> n9 1 <
n9 _ -> n10 _ >
n10 0 -> ac 0 ^
n10 1 -> ac 1 ^