start: s  
accept: ac  
reject: rj  
blank: _  
s 0 -> s 0 <
s 1 -> s 1 <
s _ -> n1 # >
n1 _ -> n2 _ <
n1 0 -> n1 0 >
n1 1 -> n1 1 >
n1 2 -> n1 2 >
n1 3 -> n1 3 >
n1 # -> n1 # >
n1 * -> n1 * >
n10 _ -> n1 2 >
n10 0 -> n1 2 >
n10 1 -> n1 3 >
n10 2 -> n10 2 <
n10 3 -> n10 3 <
n11 _ -> ac _ >
n11 0 -> n11 0 <
n11 1 -> n11 1 <
n11 2 -> n11 0 <
n11 3 -> n11 1 <
n12 # -> n13 # >
n12 0 -> n12 0 >
n12 1 -> n12 1 >
n12 2 -> n12 2 >
n12 3 -> n12 3 >
n12 4 -> n12 4 >
n12 5 -> n12 5 >
n13 2 -> n6 2 <
n13 3 -> n6 3 <
n13 * -> n6 * <
n13 0 -> n13 0 >
n13 1 -> n13 1 >
n14 # -> n15 # <
n14 0 -> n14 0 >
n14 1 -> n14 1 >
n14 2 -> n15 2 <
n14 3 -> n15 3 <
n15 _ -> n16 2 >
n15 0 -> n16 2 >
n15 1 -> n16 3 >
n16 # -> n17 # >
n16 2 -> n16 2 >
n16 3 -> n16 3 >
n17 2 -> n17 0 >
n17 3 -> n17 1 >
n17 * -> n1 * >
n18 _ -> n12 5 >
n18 0 -> n12 5 >
n18 1 -> n20 4 <
n18 2 -> n18 2 <
n18 3 -> n18 3 <
n18 4 -> n18 4 <
n18 5 -> n18 5 <
n19 _ -> n12 4 >
n19 0 -> n12 4 >
n19 1 -> n12 5 >
n19 2 -> n19 2 <
n19 3 -> n19 3 <
n19 4 -> n19 4 <
n19 5 -> n19 5 <
n2 0 -> n3 _ <
n2 1 -> n4 _ <
n2 * -> n5 _ <
n20 _ -> n12 1 >
n20 0 -> n12 1 >
n20 1 -> n20 0 <
n3 # -> n10 # <
n3 0 -> n3 0 <
n3 1 -> n3 1 <
n3 2 -> n3 2 <
n3 3 -> n3 3 <
n3 * -> n3 * <
n4 _ -> n12 _ >
n4 # -> n4 # <
n4 0 -> n4 0 <
n4 1 -> n4 1 <
n4 2 -> n4 2 <
n4 3 -> n4 3 <
n4 * -> n4 * <
n5 # -> n11 _ <
n5 0 -> n5 _ <
n5 1 -> n5 _ <
n6 # -> n9 # <
n6 0 -> n7 2 <
n6 1 -> n8 3 <
n7 # -> n19 # <
n7 0 -> n7 0 <
n7 1 -> n7 1 <
n7 2 -> n7 2 <
n7 3 -> n7 3 <
n8 # -> n18 # <
n8 0 -> n8 0 <
n8 1 -> n8 1 <
n8 2 -> n8 2 <
n8 3 -> n8 3 <
n9 _ -> n14 _ >
n9 0 -> n9 0 <
n9 1 -> n9 1 <
n9 2 -> n9 2 <
n9 3 -> n9 3 <
n9 4 -> n9 0 <
n9 5 -> n9 1 <
