1

S 0 -> S 0 >
S 1 -> S 1 >
S a -> n a <
S o -> n6 o <

n 0 -> n1 0 <
n1 # -> n1 # <
n1 0 -> n5 # >
n1 1 -> n5 # >
n5 # -> n5 # >
n5 0 -> n5 # >
n5 1 -> n5 # >
n5 a -> S 0 >

n 1 -> n2 1 <
n2 # -> n2 # <
n2 0 -> n3 # >
n2 1 -> n4 # >
n3 # -> n3 # >
n3 0 -> n3 # >
n3 1 -> n3 # >
n4 # -> n4 # >
n4 0 -> n4 # >
n4 1 -> n4 # >
n3 a -> S 0 >
n4 a -> S 1 >
S _ -> f _ <
f 0 -> f1 _ <
f 1 -> f2 _ <
f1 # -> f1 _ <
f2 # -> f2 _ <
f1 _ -> AC 0 ^
f2 _ -> AC 1 ^

n6 1 -> n7 1 <
n7 # -> n7 # <
n7 0 -> n8 # >
n7 1 -> n8 # >
n8 # -> n8 # >
n8 0 -> n8 # >
n8 1 -> n8 # >
n8 o -> S 1 >

n6 0 -> n9 0 <
n9 # -> n9 # <
n9 1 -> n10 # >
n9 0 -> n11 # >
n10 # -> n10 # >
n10 0 -> n10 # >
n10 1 -> n10 # >
n11 # -> n11 # >
n11 0 -> n11 # >
n11 1 -> n11 # >
n10 o -> S 1 >
n11 o -> S 0 >