3

S 1 _ _ -> n 1 ^ # > _ ^
S 0 _ _ -> n 0 ^ # > _ ^
S ( _ _ -> n ( ^ # > _ ^
n ( _ _ -> n7 _ ^ _ ^ _ ^
n 0 _ _ -> n _ > _ ^ 0 >
n 1 _ _ -> n _ > _ ^ 1 >
n o _ _ -> n1 _ ^ _ ^ _ ^
n a _ _ -> n2 _ ^ _ ^ _ ^
n ) _ _ -> m5 _ ^ _ < _ ^
n _ _ _ -> n3 _ ^ _ < _ ^
n1 _ # _ -> n5 _ ^ # > _ ^
n1 _ a _ -> n1 _ ^ _ < a >
n1 _ o _ -> n1 _ ^ _ < o >
n1 _ ( _ -> n5 _ ^ ( > _ ^
n1 _ _ _ -> n1 _ ^ _ < _ ^
n5 _ _ _ -> n _ > o > _ ^
n2 _ a _ -> n2 _ ^ _ < a >
n2 _ _ _ -> n2 _ ^ _ < _ ^
n2 _ ( _ -> n6 _ ^ ( > _ ^
n2 _ o _ -> n6 _ ^ _ < _ ^
n2 _ # _ -> n6 _ ^ # > _ ^
n6 _ _ _ -> n _ > a > _ ^
n3 _ # _ -> n4 _ ^ _ < _ <
n3 _ a _ -> n4 _ ^ _ < a >
n3 _ o _ -> n4 _ ^ _ < o >
n7 _ _ _ -> n _ > ( > _ ^
m5 _ a _ -> m5 _ ^ _ < a >
m5 _ o _ -> m5 _ ^ _ < o >
m5 _ ( _ -> n _ > _ ^ _ ^
n4 _ # _ -> n4 _ ^ _ ^ _ <
n4 _ _ 0 -> n4 0 < _ ^ _ <
n4 _ _ 1 -> n4 1 < _ ^ _ <
n4 _ _ o -> n4 o < _ ^ _ <
n4 _ _ a -> n4 a < _ ^ _ <
n4 _ _ _ -> m _ > _ ^ _ >
m o _ _ -> o1 _ ^ _ < _ ^
m a _ _ -> a1 _ ^ _ < _ ^
m 1 _ _ -> m _ > 1 > _ ^
m 0 _ _ -> m _ > 0 > _ ^
m _ _ _ -> f _ ^ _ < _ ^
o1 _ 1 _ -> o11 _ ^ _ < _ ^
o1 _ 0 _ -> o10 _ ^ _ < _ ^
o10 _ 1 _ -> m _ > 1 > _ ^
o10 _ 0 _ -> m _ > 0 > _ ^
o11 _ 1 _ -> m _ > 1 > _ ^
o11 _ 0 _ -> m _ > 1 > _ ^
a1 _ 1 _ -> a11 _ ^ _ < _ ^
a1 _ 0 _ -> a10 _ ^ _ < _ ^
a10 _ 0 _ -> m _ > 0 > _ ^
a10 _ 1 _ -> m _ > 0 > _ ^
a11 _ 0 _ -> m _ > 0 > _ ^
a11 _ 1 _ -> m _ > 1 > _ ^
f _ 0 _ -> f 0 ^ _ ^ _ ^
f _ 1 _ -> f 1 ^ _ ^ _ ^
f 0 _ _ -> AC 0 ^ _ ^ _ ^
f 1 _ _ -> AC 1 ^ _ ^ _ ^