3

S _ _ _ -> n _ < _ < _ ^
n 0 0 _ -> n 0 < 1 < _ ^
n 1 0 _ -> n 1 < 1 < _ ^
n 0 1 _ -> n1 0 < 0 < _ ^
n 1 1 _ -> n1 1 < 0 < _ ^
n _ # _ -> n2 _ > # > _ ^
n2 # # _ -> n2 # > # > _ ^
n2 0 # _ -> n3 0 > # > _ ^
n2 1 # _ -> n5 1 > # > _ ^
n3 0 # _ -> n4 0 < # < _ ^
n5 1 # _ -> n6 1 < # < _ ^
n4 # 0 _ -> n1 # < 0 < _ ^
n6 # 1 _ -> n1 # < 1 < _ ^
n1 0 0 _ -> n1 0 < 0 < _ ^
n1 0 1 _ -> n1 0 < 1 < _ ^
n1 1 0 _ -> n1 1 < 0 < _ ^
n1 1 1 _ -> n1 1 < 1 < _ ^
n1 0 # _ -> n1 0 < # < _ ^
n1 1 # _ -> n1 1 < # < _ ^
n _ _ _ -> m _ > _ > _ ^
m2 1 0 _ -> n 1 ^ 0 ^ _ ^
m2 1 1 _ -> n 1 ^ 1 ^ _ ^
m2 0 # _ -> n1 0 ^ # ^ _ ^
m2 1 # _ -> n1 0 ^ # ^ _ ^
m2 0 0 _ -> n 0 ^ 0 ^ _ ^
m2 0 1 _ -> n 0 ^ 1 ^ _ ^
m3 0 0 _ -> m1 0 > 0 > _ ^
m3 1 1 _ -> m1 1 > 1 > _ ^
m3 0 1 _ -> RJ 0 > 1 > _ ^
m3 1 0 _ -> RJ 1 > 0 > _ ^
m1 # # _ -> n1 # < # < _ ^
RJ _ _ _ -> f _ ^ _ ^ _ <
n1 _ _ _ -> check _ > _ > _ ^
check | | _ -> check | > | > _ ^
check 0 # _ -> check 0 > # > _ ^
check 1 # _ -> check 1 > # > _ ^
n | | _ -> m | > | > _ ^
m _ _ _ -> n1 _ < _ < | >
m | | _ -> n1 | < | < | >
m 0 1 _ -> m 0 > # > 0 >
m 1 1 _ -> m 1 > # > 1 >
n1 | | _ -> m2 | < | < _ ^
check 0 0 _ -> f1 0 > 0 > _ ^
check 0 1 _ -> f1 0 > 1 > _ ^
check 1 0 _ -> f1 1 > 0 > _ ^
check 1 1 _ -> f1 1 > 1 > _ ^
f1 _ _ _ -> m2 _ < _ < _ ^
f1 | | _ -> f1 | > | > _ ^
f1 0 0 _ -> f1 0 > 0 > _ ^
f1 0 1 _ -> f1 0 > 1 > _ ^
f1 1 0 _ -> f1 1 > 0 > _ ^
f1 1 1 _ -> f1 1 > 1 > _ ^
f1 0 # _ -> f1 0 > # > _ ^
f1 1 # _ -> f1 0 > # > _ ^
check _ _ _ -> f2 _ ^ _ ^ _ <
f2 _ _ | -> f3 _ < _ < _ <
m7 0 _ _ -> m8 # > _ > _ ^
m7 1 _ _ -> m8 # > _ > _ ^
m8 # _ _ -> m # < _ < _ ^
f3 0 # 0 -> f3 0 < # < 0 <
f3 0 # 1 -> f3 1 < # < 1 <
f3 1 # 0 -> f3 0 < # < 0 <
f3 1 # 1 -> f3 1 < # < 1 <
f3 0 # | -> f3 | < # < | <
f3 1 # | -> f3 | < # < | <
f3 | | 0 -> f3 0 < # < 0 <
f3 | | 1 -> f3 1 < # < 1 <
f3 | | | -> f3 | < # < | <
m9 0 _ _ -> m9 0 > 0 > _ ^
m9 1 _ _ -> m9 1 > 1 > _ ^
m9 # _ _ -> m10 # > _ > _ ^
m10 _ _ _ -> m2 _ < _ < _ ^
f3 _ _ _ -> AC _ > _ > _ >
S | _ _ -> S | > | > _ ^
S 0 _ _ -> S 0 > 0 > _ ^
S 1 _ _ -> S 1 > 1 > _ ^
